[2026-08-29 18:38:08] [INFO] [Step 1/4] Reading optimization & benchmark settings...
[2026-08-29 18:38:09] [INFO] Baseline System Status -> RAM: 6.77 GB Used / 8.92 GB Free (43.1%)
[2026-08-29 18:38:12] [INFO] Backed up state of 10 candidate services to: F:\windows\tasks\system_optimization_and_benchmark\backups\services_original_state.json
[2026-08-29 18:38:12] [INFO] ==========================================================
[2026-08-29 18:38:12] [INFO] >>> STARTING ITERATION 1 OF 3 <<<
[2026-08-29 18:38:12] [INFO] ==========================================================
[2026-08-29 18:38:12] [INFO] [Iteration 1 | Phase 1/3] Identifying and optimizing non-critical background services...
[2026-08-29 18:38:12] [INFO] Stopping non-critical service: Connected User Experiences and Telemetry (DiagTrack)...
[2026-08-29 18:38:13] [INFO] Phase 1 Completed: 1 services optimized. Cleaned 9 temp files (125.2 MB freed).
[2026-08-29 18:38:13] [INFO] [Iteration 1 | Phase 2/3] Executing Multi-Process CPU & RAM Stress Benchmark...
[2026-08-29 18:38:13] [INFO] Spawning 4 parallel compute workers for 5s workload...
[2026-08-29 18:38:31] [INFO] Phase 2 Completed: Benchmark ran for 18.37s | Peak Temp: 51°C | Peak RAM: 6.85 GB
[2026-08-29 18:38:31] [INFO] [Iteration 1 | Phase 3/3] Performing 'Look Engineer' End-to-End Health Inspection...
[2026-08-29 18:38:31] [INFO] Display Subsystem: 3 active workspaces online.
[2026-08-29 18:38:33] [INFO] Audio Subsystem: 2 audio endpoints operational.
[2026-08-29 18:38:33] [INFO] Network Subsystem: IP Connectivity is DEGRADED.
[2026-08-29 18:38:33] [INFO] Post-Stress Memory: 6.6 GB Used / 9.09 GB Free (42.1%)
[2026-08-29 18:38:33] [INFO] Iteration 1 System Health Result: DEGRADED
[2026-08-29 18:38:34] [INFO] ==========================================================
[2026-08-29 18:38:34] [INFO] >>> STARTING ITERATION 2 OF 3 <<<
[2026-08-29 18:38:34] [INFO] ==========================================================
[2026-08-29 18:38:34] [INFO] [Iteration 2 | Phase 1/3] Identifying and optimizing non-critical background services...
[2026-08-29 18:38:34] [INFO] Phase 1 Completed: 0 services optimized. Cleaned 0 temp files (0 MB freed).
[2026-08-29 18:38:34] [INFO] [Iteration 2 | Phase 2/3] Executing Multi-Process CPU & RAM Stress Benchmark...
[2026-08-29 18:38:34] [INFO] Spawning 4 parallel compute workers for 5s workload...
[2026-08-29 18:38:41] [INFO] Phase 2 Completed: Benchmark ran for 6.93s | Peak Temp: 51°C | Peak RAM: 6.83 GB
[2026-08-29 18:38:41] [INFO] [Iteration 2 | Phase 3/3] Performing 'Look Engineer' End-to-End Health Inspection...
[2026-08-29 18:38:41] [INFO] Display Subsystem: 3 active workspaces online.
[2026-08-29 18:38:41] [INFO] Audio Subsystem: 2 audio endpoints operational.
[2026-08-29 18:38:41] [INFO] Network Subsystem: IP Connectivity is DEGRADED.
[2026-08-29 18:38:41] [INFO] Post-Stress Memory: 6.59 GB Used / 9.1 GB Free (42%)
[2026-08-29 18:38:41] [INFO] Iteration 2 System Health Result: DEGRADED
[2026-08-29 18:38:42] [INFO] ==========================================================
[2026-08-29 18:38:42] [INFO] >>> STARTING ITERATION 3 OF 3 <<<
[2026-08-29 18:38:42] [INFO] ==========================================================
[2026-08-29 18:38:42] [INFO] [Iteration 3 | Phase 1/3] Identifying and optimizing non-critical background services...
[2026-08-29 18:38:42] [INFO] Phase 1 Completed: 0 services optimized. Cleaned 0 temp files (0 MB freed).
[2026-08-29 18:38:42] [INFO] [Iteration 3 | Phase 2/3] Executing Multi-Process CPU & RAM Stress Benchmark...
[2026-08-29 18:38:42] [INFO] Spawning 4 parallel compute workers for 5s workload...
[2026-08-29 18:38:49] [INFO] Phase 2 Completed: Benchmark ran for 6.98s | Peak Temp: 51°C | Peak RAM: 6.83 GB
[2026-08-29 18:38:49] [INFO] [Iteration 3 | Phase 3/3] Performing 'Look Engineer' End-to-End Health Inspection...
[2026-08-29 18:38:49] [INFO] Display Subsystem: 3 active workspaces online.
[2026-08-29 18:38:50] [INFO] Audio Subsystem: 2 audio endpoints operational.
[2026-08-29 18:38:50] [INFO] Network Subsystem: IP Connectivity is DEGRADED.
[2026-08-29 18:38:50] [INFO] Post-Stress Memory: 6.58 GB Used / 9.11 GB Free (41.9%)
[2026-08-29 18:38:50] [INFO] Iteration 3 System Health Result: DEGRADED
[2026-08-29 18:38:51] [INFO] [Step 4/4] Finalizing optimization cycle and generating executive report...
[2026-08-29 18:38:51] [INFO] Optimization report generated at: F:\windows\tasks\system_optimization_and_benchmark\reports\report_20260829_183808.md
