[2026-08-30 12:34:01] [INFO] [Step 1/4] Reading settings and downloading official ASUS audio drivers...
[2026-08-30 12:34:01] [INFO] Downloading Realtek Audio Driver from https://dlcdnets.asus.com/pub/ASUS/nb/Image/Driver/Audio/27736/Audio_DriverOnly_Dolby_DCH_Realtek_Z_V6.0.9329.1_27736_1.exe?model=K6500ZC...
[2026-08-30 12:34:18] [INFO] Downloaded Audio_Realtek_K6500ZC.exe (37.64 MB)
[2026-08-30 12:34:18] [INFO] Downloading Intel Smart Sound Technology Driver from https://dlcdnets.asus.com/pub/ASUS/nb/Image/Driver/Audio/28387/iSST_DCH_Intel_Z_V10.29.00.7767_28387_1.exe?model=K6500ZC...
[2026-08-30 12:34:43] [INFO] Downloaded iSST_Intel_K6500ZC.exe (65.72 MB)
[2026-08-30 12:34:43] [INFO] [Step 2/4] Extracting driver packages...
[2026-08-30 12:34:43] [INFO] Extracting F:\windows\tasks\install_asus_realtek_audio_driver\artifacts\Audio_Realtek_K6500ZC.exe into F:\windows\tasks\install_asus_realtek_audio_driver\artifacts\Realtek_Audio_Driver...
[2026-08-30 12:34:43] [WARN] Tar extraction failed, trying 7z or execution...
[2026-08-30 12:34:43] [INFO] Running self-extractor: F:\windows\tasks\install_asus_realtek_audio_driver\artifacts\Audio_Realtek_K6500ZC.exe /s...
[2026-08-30 12:34:45] [INFO] Extracted package to: F:\windows\tasks\install_asus_realtek_audio_driver\artifacts\Realtek_Audio_Driver
[2026-08-30 12:34:45] [INFO] Extracting F:\windows\tasks\install_asus_realtek_audio_driver\artifacts\iSST_Intel_K6500ZC.exe into F:\windows\tasks\install_asus_realtek_audio_driver\artifacts\Intel_Smart_Sound_Technology_Driver...
[2026-08-30 12:34:45] [WARN] Tar extraction failed, trying 7z or execution...
[2026-08-30 12:34:45] [INFO] Running self-extractor: F:\windows\tasks\install_asus_realtek_audio_driver\artifacts\iSST_Intel_K6500ZC.exe /s...
[2026-08-30 12:34:47] [INFO] Extracted package to: F:\windows\tasks\install_asus_realtek_audio_driver\artifacts\Intel_Smart_Sound_Technology_Driver
[2026-08-30 12:34:47] [INFO] [Step 3/4] Installing drivers into DriverStore via PnPUtil...
[2026-08-30 12:34:47] [INFO] Found 0 driver INF files to install.
[2026-08-30 12:34:47] [INFO] Re-scanning system hardware devices...
[2026-08-30 12:34:49] [INFO] Restarting Windows Audio services...
[2026-08-30 12:34:53] [INFO] [Step 4/4] Validating Audio Endpoints...
[2026-08-30 12:34:54] [INFO] Audio Device: Microsoft Streaming Service Proxy -> Status: OK
[2026-08-30 12:34:54] [INFO] Audio Device: OpenRun Pro 2 by Shokz -> Status: OK
[2026-08-30 12:34:54] [INFO] Audio Device: High Definition Audio Device -> Status: OK
[2026-08-30 12:34:54] [INFO] Audio Device: OpenRun Pro 2 by Shokz Hands-Free -> Status: OK
[2026-08-30 12:34:54] [INFO] Audio Device: Microphone (High Definition Audio Device) -> Status: OK
[2026-08-30 12:34:54] [INFO] Audio Device: Speakers (High Definition Audio Device) -> Status: OK
[2026-08-30 12:34:54] [INFO] Audio driver installation task complete. Report generated at: F:\windows\tasks\install_asus_realtek_audio_driver\reports\report_20260830_123401.md
