[2026-08-29 18:51:43] [INFO] [Step 1/5] Loading configuration and auditing OEM/telemetry targets...
[2026-08-29 18:51:43] [INFO] Initial Memory Baseline: 6.79 GB Used / 8.9 GB Free (43.3%)
[2026-08-29 18:51:48] [INFO] Backed up state of 12 targeted services.
[2026-08-29 18:51:54] [INFO] Backed up state of 3 targeted scheduled tasks.
[2026-08-29 18:51:54] [INFO] [Step 2/5] Executing safe debloat of OEM utilities and telemetry...
[2026-08-29 18:51:54] [INFO] Disabling ASUS OEM Service: ASUS App Service (AsusAppService)...
[2026-08-29 18:51:55] [INFO] Disabling ASUS OEM Service: ASUS Software Manager (ASUSSoftwareManager)...
[2026-08-29 18:51:55] [INFO] Disabling ASUS OEM Service: ASUS Switch (ASUSSwitch)...
[2026-08-29 18:51:55] [INFO] Disabling ASUS OEM Service: ASUS System Analysis (ASUSSystemAnalysis)...
[2026-08-29 18:51:56] [INFO] Disabling ASUS OEM Service: ASUS System Diagnosis (ASUSSystemDiagnosis)...
[2026-08-29 18:51:56] [INFO] Disabling Telemetry Service: Connected User Experiences and Telemetry (DiagTrack)...
[2026-08-29 18:51:56] [INFO] Disabling Telemetry Service: Device Management Wireless Application Protocol (WAP) Push message Routing Service (dmwappushservice)...
[2026-08-29 18:51:56] [INFO] Disabling Telemetry Service: Intel(R) Dynamic Tuning Technology Telemetry Service (dptftcs)...
[2026-08-29 18:51:56] [INFO] Disabling Telemetry Service: Diagnostic Policy Service (DPS)...
[2026-08-29 18:51:57] [INFO] Disabling Telemetry Service: Inventory and Compatibility Appraisal service (InventorySvc)...
[2026-08-29 18:51:57] [INFO] Disabling Telemetry Service: Microsoft Usage and Quality Insights (wuqisvc)...
[2026-08-29 18:51:57] [INFO] Disabling Telemetry Service: Downloaded Maps Manager (MapsBroker)...
[2026-08-29 18:51:58] [INFO] Disabling ASUS Scheduled Task: ASUS Live Update 2.0...
[2026-08-29 18:52:00] [INFO] Disabling ASUS Scheduled Task: ASUS Update Checker 2.0...
[2026-08-29 18:52:01] [INFO] Disabling ASUS Scheduled Task: AsusSystemDiagnosis_DriverQuality...
[2026-08-29 18:52:01] [INFO] Removing unnecessary OEM Assistant UWP Package: B9ECED6F.ASUSPCAssistant_4.0.73.0_x64__qmba6cd70vzyy...
[2026-08-29 18:52:02] [INFO] ASUS PC Assistant UWP package removed cleanly.
[2026-08-29 18:52:02] [INFO] [Step 3/5] Starting 3-Iteration Multi-Process Stress Benchmark & Look Engineer Cycle...
[2026-08-29 18:52:02] [INFO] ==========================================================
[2026-08-29 18:52:02] [INFO] >>> STARTING ITERATION 1 OF 3 <<<
[2026-08-29 18:52:02] [INFO] ==========================================================
[2026-08-29 18:52:02] [INFO] Pre-test Memory: 6.98 GB Used / 8.71 GB Free (44.5%)
[2026-08-29 18:52:02] [INFO] Launching 4 parallel compute workers for 6s multi-thread stress test...
[2026-08-29 18:52:11] [INFO] Phase 2 Completed: Stress ran for 8.45s | Peak Temp: 51°C | Peak RAM: 7.19 GB
[2026-08-29 18:52:11] [INFO] [Iteration 1 | Phase 3/3] Performing 'Look Engineer' Subsystem Audit...
[2026-08-29 18:52:11] [INFO] Display Engine: 3 active workspaces online (ASUS OLED + 2x Samsung LF22T35).
[2026-08-29 18:52:11] [INFO] Audio Engine: 2 active audio endpoints verified.
[2026-08-29 18:52:11] [INFO] Network Stack: ONLINE (MediaTek Wi-Fi 6E MT7922 160MHz Wireless LAN Card)
[2026-08-29 18:52:11] [INFO] Post-Stress Memory State: 6.78 GB Used / 8.91 GB Free (43.2%)
[2026-08-29 18:52:11] [INFO] Iteration 1 Look Engineer Status: 100% OPERATIONAL & HEALTHY
[2026-08-29 18:52:13] [INFO] ==========================================================
[2026-08-29 18:52:13] [INFO] >>> STARTING ITERATION 2 OF 3 <<<
[2026-08-29 18:52:13] [INFO] ==========================================================
[2026-08-29 18:52:13] [INFO] Pre-test Memory: 6.8 GB Used / 8.89 GB Free (43.3%)
[2026-08-29 18:52:13] [INFO] Launching 4 parallel compute workers for 6s multi-thread stress test...
[2026-08-29 18:52:21] [INFO] Phase 2 Completed: Stress ran for 8.11s | Peak Temp: 51°C | Peak RAM: 7.26 GB
[2026-08-29 18:52:21] [INFO] [Iteration 2 | Phase 3/3] Performing 'Look Engineer' Subsystem Audit...
[2026-08-29 18:52:21] [INFO] Display Engine: 3 active workspaces online (ASUS OLED + 2x Samsung LF22T35).
[2026-08-29 18:52:21] [INFO] Audio Engine: 2 active audio endpoints verified.
[2026-08-29 18:52:21] [INFO] Network Stack: ONLINE (MediaTek Wi-Fi 6E MT7922 160MHz Wireless LAN Card)
[2026-08-29 18:52:21] [INFO] Post-Stress Memory State: 6.96 GB Used / 8.73 GB Free (44.4%)
[2026-08-29 18:52:21] [INFO] Iteration 2 Look Engineer Status: 100% OPERATIONAL & HEALTHY
[2026-08-29 18:52:22] [INFO] ==========================================================
[2026-08-29 18:52:22] [INFO] >>> STARTING ITERATION 3 OF 3 <<<
[2026-08-29 18:52:22] [INFO] ==========================================================
[2026-08-29 18:52:22] [INFO] Pre-test Memory: 6.95 GB Used / 8.74 GB Free (44.3%)
[2026-08-29 18:52:22] [INFO] Launching 4 parallel compute workers for 6s multi-thread stress test...
[2026-08-29 18:52:31] [INFO] Phase 2 Completed: Stress ran for 8.11s | Peak Temp: 51°C | Peak RAM: 7.21 GB
[2026-08-29 18:52:31] [INFO] [Iteration 3 | Phase 3/3] Performing 'Look Engineer' Subsystem Audit...
[2026-08-29 18:52:31] [INFO] Display Engine: 3 active workspaces online (ASUS OLED + 2x Samsung LF22T35).
[2026-08-29 18:52:31] [INFO] Audio Engine: 2 active audio endpoints verified.
[2026-08-29 18:52:31] [INFO] Network Stack: ONLINE (MediaTek Wi-Fi 6E MT7922 160MHz Wireless LAN Card)
[2026-08-29 18:52:31] [INFO] Post-Stress Memory State: 6.95 GB Used / 8.74 GB Free (44.3%)
[2026-08-29 18:52:31] [INFO] Iteration 3 Look Engineer Status: 100% OPERATIONAL & HEALTHY
[2026-08-29 18:52:32] [INFO] [Step 4/5] Finalizing debloat and benchmark metrics...
[2026-08-29 18:52:32] [INFO] Debloat & Benchmark task complete. Report generated at: F:\windows\tasks\debloat_oem_utilities_and_benchmark\reports\report_20260829_185143.md
