[2026-08-29 22:54:43] [INFO] [Step 1/4] Loading configuration and capturing memory baseline...
[2026-08-29 22:54:44] [INFO] Memory Baseline: 8.99 GB Used / 6.7 GB Free (57.3%)
[2026-08-29 22:54:48] [INFO] Backed up state of 14 services to backups/services_backup.json.
[2026-08-29 22:54:48] [INFO] [Step 2/4] Stopping and disabling non-essential Windows background services...
[2026-08-29 22:54:48] [INFO] Optimizing service: SysMain (SysMain)...
[2026-08-29 22:54:48] [INFO] Stopped service: SysMain
[2026-08-29 22:54:48] [INFO] Set startup type to Disabled: SysMain
[2026-08-29 22:54:48] [INFO] Optimizing service: Delivery Optimization (DoSvc)...
[2026-08-29 22:54:49] [INFO] Stopped service: DoSvc
[2026-08-29 22:54:49] [INFO] Set startup type to Disabled: DoSvc
[2026-08-29 22:54:49] [INFO] Optimizing service: Program Compatibility Assistant Service (PcaSvc)...
[2026-08-29 22:54:50] [INFO] Stopped service: PcaSvc
[2026-08-29 22:54:50] [INFO] Set startup type to Disabled: PcaSvc
[2026-08-29 22:54:50] [INFO] Optimizing service: WSAIFabricSvc (WSAIFabricSvc)...
[2026-08-29 22:54:50] [INFO] Stopped service: WSAIFabricSvc
[2026-08-29 22:54:50] [INFO] Set startup type to Disabled: WSAIFabricSvc
[2026-08-29 22:54:50] [INFO] Optimizing service: Windows Health and Optimized Experiences (whesvc)...
[2026-08-29 22:54:50] [INFO] Stopped service: whesvc
[2026-08-29 22:54:50] [INFO] Set startup type to Disabled: whesvc
[2026-08-29 22:54:50] [INFO] Optimizing service: Geolocation Service (lfsvc)...
[2026-08-29 22:54:51] [INFO] Stopped service: lfsvc
[2026-08-29 22:54:51] [INFO] Set startup type to Disabled: lfsvc
[2026-08-29 22:54:51] [INFO] Optimizing service: Distributed Link Tracking Client (TrkWks)...
[2026-08-29 22:54:51] [INFO] Stopped service: TrkWks
[2026-08-29 22:54:51] [INFO] Set startup type to Disabled: TrkWks
[2026-08-29 22:54:51] [INFO] Optimizing service: Print Spooler (Spooler)...
[2026-08-29 22:54:51] [INFO] Stopped service: Spooler
[2026-08-29 22:54:51] [INFO] Set startup type to Disabled: Spooler
[2026-08-29 22:54:51] [INFO] Optimizing service: Data Usage (DusmSvc)...
[2026-08-29 22:54:51] [INFO] Stopped service: DusmSvc
[2026-08-29 22:54:51] [INFO] Set startup type to Disabled: DusmSvc
[2026-08-29 22:54:51] [INFO] Optimizing service: Downloaded Maps Manager (MapsBroker)...
[2026-08-29 22:54:51] [INFO] Set startup type to Disabled: MapsBroker
[2026-08-29 22:54:51] [INFO] Optimizing service: Retail Demo Service (RetailDemo)...
[2026-08-29 22:54:51] [INFO] Set startup type to Disabled: RetailDemo
[2026-08-29 22:54:51] [INFO] Optimizing service: Remote Registry (RemoteRegistry)...
[2026-08-29 22:54:51] [INFO] Set startup type to Disabled: RemoteRegistry
[2026-08-29 22:54:51] [INFO] Optimizing service: Connected User Experiences and Telemetry (DiagTrack)...
[2026-08-29 22:54:51] [INFO] Set startup type to Disabled: DiagTrack
[2026-08-29 22:54:51] [INFO] Optimizing service: Device Management Wireless Application Protocol (WAP) Push message Routing Service (dmwappushservice)...
[2026-08-29 22:54:51] [INFO] Set startup type to Disabled: dmwappushservice
[2026-08-29 22:54:51] [INFO] [Step 3/4] Trimming memory and collecting inactive system caches...
[2026-08-29 22:54:55] [INFO] [Step 4/4] Evaluating post-optimization memory metrics...
[2026-08-29 22:54:55] [INFO] Post-Optimization Memory: 7.53 GB Used / 8.16 GB Free (48%)
[2026-08-29 22:54:55] [INFO] Windows Services optimization complete. Report generated at: F:\windows\tasks\optimize_windows_services\reports\report_20260829_225443.md
