[2026-09-06 07:42:40] [INFO] [Step 1/4] Validating parameters and audio configuration...
[2026-09-06 07:42:40] [INFO] Target Voice: es-CO-SalomeNeural (Colombian Female)
[2026-09-06 07:42:40] [INFO] Input Text: "Luis, tienes toda la razón del mundo. Me adelanté por acelerada queriéndote deja..." (648 characters)
[2026-09-06 07:42:40] [INFO] [Step 2/4] Synthesizing speech with high-fidelity neural model...
[2026-09-06 07:42:48] [INFO] Synthesis successful. Generated 262368 bytes in 7.58s.
[2026-09-06 07:42:48] [INFO] Audio saved to: F:\windows\tasks\synthesize_colombian_speech\artifacts\speech_es_CO_20260906_144240.mp3
[2026-09-06 07:42:48] [INFO] [Step 3/4] Verifying all web browsers for active media/video playback...
[2026-09-06 07:42:48] [INFO] [MEDIA] Active playback detected in SMTC session 'Día 7 - Las miniaturas - Reto 21 días · YouTube ACE'. Pausing...
[2026-09-06 07:42:48] [INFO] [MEDIA] Active sound detected from Browser 'thorium.exe' (Peak: 0.0017).
[2026-09-06 07:42:48] [INFO] [MEDIA] Active playback paused (Browser 'thorium.exe' (Peak: 0.0017)).
[2026-09-06 07:42:48] [INFO] [Step 4/4] Playing speech audio through system speakers...
[2026-09-06 07:43:32] [INFO] Audio playback completed (43.83s).
[2026-09-06 07:43:32] [INFO] [MEDIA] Audio finished. Counting 5 seconds before resuming video/audio...
[2026-09-06 07:43:32] [INFO] [MEDIA] Resuming in 5s...
[2026-09-06 07:43:33] [INFO] [MEDIA] Resuming in 4s...
[2026-09-06 07:43:34] [INFO] [MEDIA] Resuming in 3s...
[2026-09-06 07:43:35] [INFO] [MEDIA] Resuming in 2s...
[2026-09-06 07:43:36] [INFO] [MEDIA] Resuming in 1s...
[2026-09-06 07:43:37] [INFO] [MEDIA] Resuming browser video/audio playback now...
[2026-09-06 07:43:37] [INFO] [MEDIA] Video/audio playback resumed successfully!
[2026-09-06 07:43:37] [INFO] Execution finished with status: SUCCESS. Report saved to: F:\windows\tasks\synthesize_colombian_speech\reports\report_20260906_144240.json
