[2026-09-06 10:32:45] [INFO] [Step 1/4] Validating parameters and audio configuration...
[2026-09-06 10:32:45] [INFO] Target Voice: es-CO-SalomeNeural (Colombian Female)
[2026-09-06 10:32:45] [INFO] Input Text: "Luis, jefe, qué pena la demora: un proceso de verificación en segundo plano se q..." (467 characters)
[2026-09-06 10:32:45] [INFO] [Step 2/4] Synthesizing speech with high-fidelity neural model...
[2026-09-06 10:32:50] [INFO] Synthesis successful. Generated 184464 bytes in 5.11s.
[2026-09-06 10:32:50] [INFO] Audio saved to: F:\windows\tasks\synthesize_colombian_speech\artifacts\speech_es_CO_20260906_173245.mp3
[2026-09-06 10:32:50] [INFO] [Step 3/4] Verifying all web browsers for active media/video playback...
[2026-09-06 10:32:50] [INFO] [MEDIA] Active playback detected in SMTC session 'Así fue nuestra historia de amor, les contamos todo ❤️'. Pausing...
[2026-09-06 10:32:50] [INFO] [MEDIA] Active playback paused (SMTC session 'Así fue nuestra historia de amor, les contamos todo ❤️').
[2026-09-06 10:32:50] [INFO] [Step 4/4] Playing speech audio through system speakers...
[2026-09-06 10:33:22] [INFO] Audio playback completed (31.5s).
[2026-09-06 10:33:22] [INFO] [MEDIA] Audio finished. Counting 5 seconds before resuming video/audio...
[2026-09-06 10:33:22] [INFO] [MEDIA] Resuming in 5s...
[2026-09-06 10:33:23] [INFO] [MEDIA] Resuming in 4s...
[2026-09-06 10:33:24] [INFO] [MEDIA] Resuming in 3s...
[2026-09-06 10:33:25] [INFO] [MEDIA] Resuming in 2s...
[2026-09-06 10:33:26] [INFO] [MEDIA] Resuming in 1s...
[2026-09-06 10:33:27] [INFO] [MEDIA] Resuming browser video/audio playback now...
[2026-09-06 10:33:27] [INFO] [MEDIA] Video/audio playback resumed successfully!
[2026-09-06 10:33:27] [INFO] Execution finished with status: SUCCESS. Report saved to: F:\windows\tasks\synthesize_colombian_speech\reports\report_20260906_173245.json
