[2026-09-06 03:33:51] [INFO] [Step 1/4] Validating parameters and audio configuration...
[2026-09-06 03:33:51] [INFO] Target Voice: es-CO-SalomeNeural (Colombian Female)
[2026-09-06 03:33:51] [INFO] Input Text: "Análisis del Consigliere en curso. Tienes toda la razón, Don Luis: hubo un exces..." (396 characters)
[2026-09-06 03:33:51] [INFO] [Step 2/4] Synthesizing speech with high-fidelity neural model...
[2026-09-06 03:33:56] [INFO] Synthesis successful. Generated 154368 bytes in 5.28s.
[2026-09-06 03:33:56] [INFO] Audio saved to: F:\windows\tasks\synthesize_colombian_speech\artifacts\speech_es_CO_20260906_103351.mp3
[2026-09-06 03:33:56] [INFO] [Step 3/4] Verifying all web browsers for active media/video playback...
[2026-09-06 03:33:57] [INFO] [MEDIA] Active playback detected in SMTC session 'CUANDO ES LA BODA? LE DOY A JOHAN SU RELOJ DE COMPROMISO *lloramos*😭'. Pausing...
[2026-09-06 03:33:57] [INFO] [MEDIA] Active sound detected from Browser 'thorium.exe' (Peak: 0.1133).
[2026-09-06 03:33:57] [INFO] [MEDIA] Active playback paused (Browser 'thorium.exe' (Peak: 0.1133)).
[2026-09-06 03:33:57] [INFO] [Step 4/4] Playing speech audio through system speakers...
[2026-09-06 03:34:23] [INFO] Audio playback completed (25.84s).
[2026-09-06 03:34:23] [INFO] [MEDIA] Audio finished. Counting 5 seconds before resuming video/audio...
[2026-09-06 03:34:23] [INFO] [MEDIA] Resuming in 5s...
[2026-09-06 03:34:24] [INFO] [MEDIA] Resuming in 4s...
[2026-09-06 03:34:25] [INFO] [MEDIA] Resuming in 3s...
[2026-09-06 03:34:26] [INFO] [MEDIA] Resuming in 2s...
[2026-09-06 03:34:27] [INFO] [MEDIA] Resuming in 1s...
[2026-09-06 03:34:28] [INFO] [MEDIA] Resuming browser video/audio playback now...
[2026-09-06 03:34:28] [INFO] [MEDIA] Video/audio playback resumed successfully!
[2026-09-06 03:34:28] [INFO] Execution finished with status: SUCCESS. Report saved to: F:\windows\tasks\synthesize_colombian_speech\reports\report_20260906_103351.json
