[2026-09-05 20:45:06] [INFO] [Step 1/4] Validating parameters and audio configuration...
[2026-09-05 20:45:06] [INFO] Target Voice: es-CO-SalomeNeural (Colombian Female)
[2026-09-05 20:45:06] [INFO] Input Text: "Reporte de las ocho y cuarenta y cinco. El segundo video de la lista alcanza el ..." (275 characters)
[2026-09-05 20:45:06] [INFO] [Step 2/4] Synthesizing speech with high-fidelity neural model...
[2026-09-05 20:45:09] [INFO] Synthesis successful. Generated 115488 bytes in 2.54s.
[2026-09-05 20:45:09] [INFO] Audio saved to: F:\windows\tasks\synthesize_colombian_speech\artifacts\speech_es_CO_20260906_034506.mp3
[2026-09-05 20:45:09] [INFO] [Step 3/4] Verifying all web browsers for active media/video playback...
[2026-09-05 20:45:09] [INFO] [MEDIA] Active playback detected in SMTC session 'The WILDEST place in COSTA RICA: Osa Peninsula 🇨🇷🐍'. Pausing...
[2026-09-05 20:45:09] [INFO] [MEDIA] Active sound detected from Browser 'thorium.exe' (Peak: 0.1388).
[2026-09-05 20:45:09] [INFO] [MEDIA] Active playback paused (Browser 'thorium.exe' (Peak: 0.1388)).
[2026-09-05 20:45:09] [INFO] [Step 4/4] Playing speech audio through system speakers...
[2026-09-05 20:45:29] [INFO] Audio playback completed (19.39s).
[2026-09-05 20:45:29] [INFO] [MEDIA] Audio finished. Counting 5 seconds before resuming video/audio...
[2026-09-05 20:45:29] [INFO] [MEDIA] Resuming in 5s...
[2026-09-05 20:45:30] [INFO] [MEDIA] Resuming in 4s...
[2026-09-05 20:45:31] [INFO] [MEDIA] Resuming in 3s...
[2026-09-05 20:45:32] [INFO] [MEDIA] Resuming in 2s...
[2026-09-05 20:45:33] [INFO] [MEDIA] Resuming in 1s...
[2026-09-05 20:45:34] [INFO] [MEDIA] Resuming browser video/audio playback now...
[2026-09-05 20:45:34] [INFO] [MEDIA] Video/audio playback resumed successfully!
[2026-09-05 20:45:34] [INFO] Execution finished with status: SUCCESS. Report saved to: F:\windows\tasks\synthesize_colombian_speech\reports\report_20260906_034506.json
