[2026-09-06 05:23:28] [INFO] [Step 1/4] Validating parameters and audio configuration...
[2026-09-06 05:23:28] [INFO] Target Voice: es-CO-SalomeNeural (Colombian Female)
[2026-09-06 05:23:28] [INFO] Input Text: "Auditoría forense re-ejecutada y completada con éxito en el servidor. El parche ..." (670 characters)
[2026-09-06 05:23:28] [INFO] [Step 2/4] Synthesizing speech with high-fidelity neural model...
[2026-09-06 05:23:33] [INFO] Synthesis successful. Generated 256752 bytes in 5.01s.
[2026-09-06 05:23:33] [INFO] Audio saved to: F:\windows\tasks\synthesize_colombian_speech\artifacts\speech_es_CO_20260906_122328.mp3
[2026-09-06 05:23:33] [INFO] [Step 3/4] Verifying all web browsers for active media/video playback...
[2026-09-06 05:23:33] [INFO] [MEDIA] Active playback detected in SMTC session 'I Made a Bet with Tesla'. Pausing...
[2026-09-06 05:23:33] [INFO] [MEDIA] Active playback paused (SMTC session 'I Made a Bet with Tesla').
[2026-09-06 05:23:33] [INFO] [Step 4/4] Playing speech audio through system speakers...
[2026-09-06 05:24:16] [INFO] Audio playback completed (42.97s).
[2026-09-06 05:24:16] [INFO] [MEDIA] Audio finished. Counting 5 seconds before resuming video/audio...
[2026-09-06 05:24:16] [INFO] [MEDIA] Resuming in 5s...
[2026-09-06 05:24:17] [INFO] [MEDIA] Resuming in 4s...
[2026-09-06 05:24:18] [INFO] [MEDIA] Resuming in 3s...
[2026-09-06 05:24:19] [INFO] [MEDIA] Resuming in 2s...
[2026-09-06 05:24:20] [INFO] [MEDIA] Resuming in 1s...
[2026-09-06 05:24:21] [INFO] [MEDIA] Resuming browser video/audio playback now...
[2026-09-06 05:24:21] [INFO] [MEDIA] Video/audio playback resumed successfully!
[2026-09-06 05:24:21] [INFO] Execution finished with status: SUCCESS. Report saved to: F:\windows\tasks\synthesize_colombian_speech\reports\report_20260906_122328.json
