[2026-09-05 20:47:07] [INFO] [Step 1/4] Validating parameters and audio configuration...
[2026-09-05 20:47:07] [INFO] Target Voice: es-CO-SalomeNeural (Colombian Female)
[2026-09-05 20:47:07] [INFO] Input Text: "Los archivos resultantes ya están disponibles. Los he descargado y organizado ta..." (200 characters)
[2026-09-05 20:47:07] [INFO] [Step 2/4] Synthesizing speech with high-fidelity neural model...
[2026-09-05 20:47:10] [INFO] Synthesis successful. Generated 78624 bytes in 2.34s.
[2026-09-05 20:47:10] [INFO] Audio saved to: F:\windows\tasks\synthesize_colombian_speech\artifacts\speech_es_CO_20260906_034707.mp3
[2026-09-05 20:47:10] [INFO] [Step 3/4] Verifying all web browsers for active media/video playback...
[2026-09-05 20:47:10] [INFO] [MEDIA] Active playback detected in SMTC session 'The WILDEST place in COSTA RICA: Osa Peninsula 🇨🇷🐍'. Pausing...
[2026-09-05 20:47:10] [INFO] [MEDIA] Active sound detected from Browser 'thorium.exe' (Peak: 0.0912).
[2026-09-05 20:47:10] [INFO] [MEDIA] Active playback paused (Browser 'thorium.exe' (Peak: 0.0912)).
[2026-09-05 20:47:10] [INFO] [Step 4/4] Playing speech audio through system speakers...
[2026-09-05 20:47:23] [INFO] Audio playback completed (13.23s).
[2026-09-05 20:47:23] [INFO] [MEDIA] Audio finished. Counting 5 seconds before resuming video/audio...
[2026-09-05 20:47:23] [INFO] [MEDIA] Resuming in 5s...
[2026-09-05 20:47:24] [INFO] [MEDIA] Resuming in 4s...
[2026-09-05 20:47:25] [INFO] [MEDIA] Resuming in 3s...
[2026-09-05 20:47:26] [INFO] [MEDIA] Resuming in 2s...
[2026-09-05 20:47:27] [INFO] [MEDIA] Resuming in 1s...
[2026-09-05 20:47:28] [INFO] [MEDIA] Resuming browser video/audio playback now...
[2026-09-05 20:47:28] [INFO] [MEDIA] Video/audio playback resumed successfully!
[2026-09-05 20:47:28] [INFO] Execution finished with status: SUCCESS. Report saved to: F:\windows\tasks\synthesize_colombian_speech\reports\report_20260906_034707.json
