[2026-09-05 20:42:28] [INFO] [Step 1/4] Validating parameters and audio configuration...
[2026-09-05 20:42:28] [INFO] Target Voice: es-CO-SalomeNeural (Colombian Female)
[2026-09-05 20:42:28] [INFO] Input Text: "hola mundo" (10 characters)
[2026-09-05 20:42:28] [INFO] [Step 2/4] Synthesizing speech with high-fidelity neural model...
[2026-09-05 20:42:29] [INFO] Synthesis successful. Generated 10224 bytes in 1.25s.
[2026-09-05 20:42:29] [INFO] Audio saved to: F:\windows\tasks\synthesize_colombian_speech\artifacts\speech_es_CO_20260906_034228.mp3
[2026-09-05 20:42:29] [INFO] [Step 3/4] Verifying all web browsers for active media/video playback...
[2026-09-05 20:42:29] [INFO] [MEDIA] Active playback detected in SMTC session 'The WILDEST place in COSTA RICA: Osa Peninsula 🇨🇷🐍'. Pausing...
[2026-09-05 20:42:29] [INFO] [MEDIA] Active sound detected from Browser 'thorium.exe' (Peak: 0.1693).
[2026-09-05 20:42:29] [INFO] [MEDIA] Active playback paused (Browser 'thorium.exe' (Peak: 0.1693)).
[2026-09-05 20:42:29] [INFO] [Step 4/4] Playing speech audio through system speakers...
[2026-09-05 20:42:31] [INFO] Audio playback completed (1.83s).
[2026-09-05 20:42:31] [INFO] [MEDIA] Audio finished. Counting 5 seconds before resuming video/audio...
[2026-09-05 20:42:31] [INFO] [MEDIA] Resuming in 5s...
[2026-09-05 20:42:32] [INFO] [MEDIA] Resuming in 4s...
[2026-09-05 20:42:33] [INFO] [MEDIA] Resuming in 3s...
[2026-09-05 20:42:34] [INFO] [MEDIA] Resuming in 2s...
[2026-09-05 20:42:35] [INFO] [MEDIA] Resuming in 1s...
[2026-09-05 20:42:36] [INFO] [MEDIA] Resuming browser video/audio playback now...
[2026-09-05 20:42:36] [INFO] [MEDIA] Video/audio playback resumed successfully!
[2026-09-05 20:42:36] [INFO] Execution finished with status: SUCCESS. Report saved to: F:\windows\tasks\synthesize_colombian_speech\reports\report_20260906_034228.json
