[2026-09-05 20:45:54] [INFO] [Step 1/4] Validating parameters and audio configuration...
[2026-09-05 20:45:54] [INFO] Target Voice: es-CO-SalomeNeural (Colombian Female)
[2026-09-05 20:45:54] [INFO] Input Text: "Reportes periódicos desconectados. El servidor continuará ejecutando la fase de ..." (216 characters)
[2026-09-05 20:45:54] [INFO] [Step 2/4] Synthesizing speech with high-fidelity neural model...
[2026-09-05 20:45:58] [INFO] Synthesis successful. Generated 86832 bytes in 3.74s.
[2026-09-05 20:45:58] [INFO] Audio saved to: F:\windows\tasks\synthesize_colombian_speech\artifacts\speech_es_CO_20260906_034554.mp3
[2026-09-05 20:45:58] [INFO] [Step 3/4] Verifying all web browsers for active media/video playback...
[2026-09-05 20:45:58] [INFO] [MEDIA] Active playback detected in SMTC session 'The WILDEST place in COSTA RICA: Osa Peninsula 🇨🇷🐍'. Pausing...
[2026-09-05 20:45:58] [INFO] [MEDIA] Active sound detected from Browser 'thorium.exe' (Peak: 0.1591).
[2026-09-05 20:45:58] [INFO] [MEDIA] Active playback paused (Browser 'thorium.exe' (Peak: 0.1591)).
[2026-09-05 20:45:58] [INFO] [Step 4/4] Playing speech audio through system speakers...
[2026-09-05 20:46:13] [INFO] Audio playback completed (14.57s).
[2026-09-05 20:46:13] [INFO] [MEDIA] Audio finished. Counting 5 seconds before resuming video/audio...
[2026-09-05 20:46:13] [INFO] [MEDIA] Resuming in 5s...
[2026-09-05 20:46:14] [INFO] [MEDIA] Resuming in 4s...
[2026-09-05 20:46:15] [INFO] [MEDIA] Resuming in 3s...
[2026-09-05 20:46:16] [INFO] [MEDIA] Resuming in 2s...
[2026-09-05 20:46:17] [INFO] [MEDIA] Resuming in 1s...
[2026-09-05 20:46:18] [INFO] [MEDIA] Resuming browser video/audio playback now...
[2026-09-05 20:46:18] [INFO] [MEDIA] Video/audio playback resumed successfully!
[2026-09-05 20:46:18] [INFO] Execution finished with status: SUCCESS. Report saved to: F:\windows\tasks\synthesize_colombian_speech\reports\report_20260906_034554.json
