[2026-09-06 03:28:20] [INFO] [Step 1/4] Validating parameters and audio configuration...
[2026-09-06 03:28:20] [INFO] Target Voice: es-CO-SalomeNeural (Colombian Female)
[2026-09-06 03:28:20] [INFO] Input Text: "Llegaron exactamente 6 videos a ese archivo. De un total de 727 outliers analiza..." (338 characters)
[2026-09-06 03:28:20] [INFO] [Step 2/4] Synthesizing speech with high-fidelity neural model...
[2026-09-06 03:28:23] [INFO] Synthesis successful. Generated 144720 bytes in 2.79s.
[2026-09-06 03:28:23] [INFO] Audio saved to: F:\windows\tasks\synthesize_colombian_speech\artifacts\speech_es_CO_20260906_102820.mp3
[2026-09-06 03:28:23] [INFO] [Step 3/4] Verifying all web browsers for active media/video playback...
[2026-09-06 03:28:23] [INFO] [MEDIA] Active playback detected in SMTC session 'CUANDO ES LA BODA? LE DOY A JOHAN SU RELOJ DE COMPROMISO *lloramos*😭'. Pausing...
[2026-09-06 03:28:23] [INFO] [MEDIA] Active sound detected from Browser 'thorium.exe' (Peak: 0.1189).
[2026-09-06 03:28:23] [INFO] [MEDIA] Active playback paused (Browser 'thorium.exe' (Peak: 0.1189)).
[2026-09-06 03:28:24] [INFO] [Step 4/4] Playing speech audio through system speakers...
[2026-09-06 03:28:48] [INFO] Audio playback completed (24.28s).
[2026-09-06 03:28:48] [INFO] [MEDIA] Audio finished. Counting 5 seconds before resuming video/audio...
[2026-09-06 03:28:48] [INFO] [MEDIA] Resuming in 5s...
[2026-09-06 03:28:49] [INFO] [MEDIA] Resuming in 4s...
[2026-09-06 03:28:50] [INFO] [MEDIA] Resuming in 3s...
[2026-09-06 03:28:51] [INFO] [MEDIA] Resuming in 2s...
[2026-09-06 03:28:52] [INFO] [MEDIA] Resuming in 1s...
[2026-09-06 03:28:53] [INFO] [MEDIA] Resuming browser video/audio playback now...
[2026-09-06 03:28:53] [INFO] [MEDIA] Video/audio playback resumed successfully!
[2026-09-06 03:28:53] [INFO] Execution finished with status: SUCCESS. Report saved to: F:\windows\tasks\synthesize_colombian_speech\reports\report_20260906_102820.json
