[2026-09-06 06:58:59] [INFO] [Step 1/4] Validating parameters and audio configuration...
[2026-09-06 06:58:59] [INFO] Target Voice: es-CO-SalomeNeural (Colombian Female)
[2026-09-06 06:58:59] [INFO] Input Text: "Luis, te respondo con total claridad: no necesitamos extraer más información. Te..." (793 characters)
[2026-09-06 06:58:59] [INFO] [Step 2/4] Synthesizing speech with high-fidelity neural model...
[2026-09-06 06:59:06] [INFO] Synthesis successful. Generated 331344 bytes in 7.04s.
[2026-09-06 06:59:06] [INFO] Audio saved to: F:\windows\tasks\synthesize_colombian_speech\artifacts\speech_es_CO_20260906_135859.mp3
[2026-09-06 06:59:06] [INFO] [Step 3/4] Verifying all web browsers for active media/video playback...
[2026-09-06 06:59:06] [INFO] [MEDIA] Active playback detected in SMTC session 'Día 6 - GANA y títulos potentes - Reto 21 días · YouTube ACE'. Pausing...
[2026-09-06 06:59:06] [INFO] [MEDIA] Active sound detected from Browser 'thorium.exe' (Peak: 0.2450).
[2026-09-06 06:59:06] [INFO] [MEDIA] Active playback paused (Browser 'thorium.exe' (Peak: 0.2450)).
[2026-09-06 06:59:06] [INFO] [Step 4/4] Playing speech audio through system speakers...
[2026-09-06 07:00:01] [INFO] Audio playback completed (55.31s).
[2026-09-06 07:00:01] [INFO] [MEDIA] Audio finished. Counting 5 seconds before resuming video/audio...
[2026-09-06 07:00:01] [INFO] [MEDIA] Resuming in 5s...
[2026-09-06 07:00:02] [INFO] [MEDIA] Resuming in 4s...
[2026-09-06 07:00:03] [INFO] [MEDIA] Resuming in 3s...
[2026-09-06 07:00:04] [INFO] [MEDIA] Resuming in 2s...
[2026-09-06 07:00:05] [INFO] [MEDIA] Resuming in 1s...
[2026-09-06 07:00:06] [INFO] [MEDIA] Resuming browser video/audio playback now...
[2026-09-06 07:00:06] [INFO] [MEDIA] Video/audio playback resumed successfully!
[2026-09-06 07:00:06] [INFO] Execution finished with status: SUCCESS. Report saved to: F:\windows\tasks\synthesize_colombian_speech\reports\report_20260906_135859.json
